DOWNLOADED island_tree_01_leaves_alpha_1k.png 57438
DOWNLOADED island_tree_01_diff_1k.jpg 791327
DOWNLOADED island_tree_01_branches_rough_1k.png 1625206
DOWNLOADED island_tree_01_branches_nor_gl_1k.png 5400459
DOWNLOADED island_tree_01_branches_diff_1k.png 5300342
DOWNLOADED island_tree_01_leaves_diff_1k.png 1638916
DOWNLOADED island_tree_01_leaves_rough_1k.png 879599
DOWNLOADED island_tree_01_leaves_nor_gl_1k.png 2886859
DOWNLOADED outdoor_table_chair_set_01.blend 427026
DOWNLOADED island_tree_01_rough_1k.exr 875265
DOWNLOADED outdoor_table_chair_set_01_chair_metal_1k.png 8644
DOWNLOADED island_tree_01_nor_gl_1k.exr 2415664
DOWNLOADED outdoor_table_chair_set_01_table_metal_1k.png 12908
DOWNLOADED outdoor_table_chair_set_01_table_diff_1k.png 3754258
DOWNLOADED island_tree_01.blend 58077856
DOWNLOADED outdoor_table_chair_set_01_chair_rough_1k.png 1558206
DOWNLOADED outdoor_table_chair_set_01_chair_nor_gl_1k.png 3918345
DOWNLOADED outdoor_table_chair_set_01_chair_diff_1k.png 4409564
DOWNLOADED outdoor_table_chair_set_01_table_nor_gl_1k.png 3295155
DOWNLOADED outdoor_table_chair_set_01_table_rough_1k.png 1363599
DOWNLOADED fire_hydrant.blend 2121232
DOWNLOADED fire_hydrant_rough_2k.exr 1974220
DOWNLOADED fire_hydrant_diff_2k.jpg 2012585
DOWNLOADED fire_hydrant_aged_metal_2k.png 11394657
DOWNLOADED exterior_aircon_unit.blend 393828
DOWNLOADED fire_hydrant_aged_nor_gl_2k.png 21642382
DOWNLOADED exterior_aircon_unit_rusted_02_diff_1k.png 1072384
DOWNLOADED exterior_aircon_unit_rusted_02_nor_gl_1k.png 1416907
DOWNLOADED exterior_aircon_unit_rusted_01_nor_gl_1k.png 1035066
DOWNLOADED fire_hydrant_aged_diff_2k.png 22770195
DOWNLOADED exterior_aircon_unit_01_opacity_1k.png 129471
DOWNLOADED exterior_aircon_unit_rusted_01_metal_1k.png 59066
DOWNLOADED exterior_aircon_unit_02_metal_1k.png 264311
DOWNLOADED exterior_aircon_unit_01_metal_1k.png 25108
DOWNLOADED exterior_aircon_unit_01_diff_1k.png 731207
DOWNLOADED exterior_aircon_unit_01_rough_1k.png 481420
DOWNLOADED exterior_aircon_unit_02_diff_1k.png 863828
DOWNLOADED exterior_aircon_unit_rusted_01_rough_1k.png 486533
DOWNLOADED fire_hydrant_nor_gl_2k.exr 3940547
DOWNLOADED exterior_aircon_unit_rusted_02_metal_1k.png 264370
DOWNLOADED exterior_aircon_unit_rusted_02_opacity_1k.png 147529
DOWNLOADED exterior_aircon_unit_02_nor_gl_1k.png 1355382
DOWNLOADED exterior_aircon_unit_rusted_02_rough_1k.png 459781
DOWNLOADED exterior_aircon_unit_01_nor_gl_1k.png 836034
DOWNLOADED exterior_aircon_unit_02_rough_1k.png 372379
DOWNLOADED fire_hydrant_aged_rough_2k.png 13821598
DOWNLOADED fire_hydrant_metal_2k.exr 2865559
DOWNLOADED exterior_aircon_unit_rusted_01_diff_1k.png 1017246
DOWNLOADED painted_wooden_bench.blend 133205
DOWNLOADED painted_wooden_bench_rough_2k.exr 1985425
DOWNLOADED painted_wooden_bench_diff_2k.jpg 2210706
DOWNLOADED painted_wooden_bench_nor_gl_2k.exr 7521287
DOWNLOADED potted_plant_02.blend 8110103
DOWNLOADED water_manhole_cover.blend 270520
DOWNLOADED water_manhole_cover_diff_2k.jpg 1519932
DOWNLOADED water_manhole_cover_metal_2k.exr 4024586
DOWNLOADED potted_plant_02_leaves_rough_2k.png 4823415
DOWNLOADED potted_plant_02_pot_nor_gl_2k.png 14010302
DOWNLOADED potted_plant_02_leaves_alpha_2k.png 229028
DOWNLOADED water_manhole_cover_rough_2k.exr 2809536
DOWNLOADED water_manhole_cover_nor_gl_2k.exr 8475483
DOWNLOADED potted_plant_02_pot_rough_2k.png 4580543
DOWNLOADED potted_plant_02_leaves_diff_2k.png 16449773
DOWNLOADED potted_plant_02_leaves_nor_gl_2k.png 16470559
DOWNLOADED potted_plant_02_pot_diff_2k.png 19344861
DOWNLOADED street_lamp_01.blend 793423
DOWNLOADED street_lamp_01_opacity_2k.png 793855
DOWNLOADED street_lamp_01_metal_2k.exr 1070239
DOWNLOADED street_lamp_01_diff_2k.jpg 993834
DOWNLOADED street_lamp_01_nor_gl_2k.exr 4006012
DOWNLOADED asphalt_02_disp_4k.jpg 3285864
DOWNLOADED asphalt_02_rough_4k.jpg 8506335
DOWNLOADED street_lamp_01_rough_2k.exr 2198841
DOWNLOADED asphalt_02_diff_4k.jpg 11654128
DOWNLOADED asphalt_02_nor_gl_4k.jpg 17407651
DOWNLOADED red_plaster_weathered_diff_4k.jpg 13044728
DOWNLOADED red_plaster_weathered_disp_4k.jpg 5129830
DOWNLOADED red_plaster_weathered_rough_4k.jpg 10858456
DOWNLOADED red_plaster_weathered_nor_gl_4k.jpg 13015857
DOWNLOADED concrete_pavement_diff_2k.jpg 3817566
DOWNLOADED concrete_pavement_nor_gl_2k.jpg 5179971
DOWNLOADED concrete_pavement_rough_2k.jpg 2125646
DOWNLOADED concrete_pavement_disp_2k.jpg 2490285
DOWNLOADED palm_bark_diff_2k.jpg 2942835
DOWNLOADED palm_bark_nor_gl_2k.jpg 5285941
DOWNLOADED palm_bark_rough_2k.jpg 1144620
DOWNLOADED palm_bark_disp_2k.jpg 1590552
DOWNLOADED white_plaster_rough_02_nor_gl_2k.jpg 1592435
DOWNLOADED white_plaster_rough_02_diff_2k.jpg 3015891
DOWNLOADED white_plaster_rough_02_disp_2k.jpg 607346
DOWNLOADED white_plaster_rough_02_rough_2k.jpg 2429518
DOWNLOADED blue_plaster_weathered_nor_gl_2k.jpg 2984372
DOWNLOADED blue_plaster_weathered_diff_2k.jpg 2736265
DOWNLOADED blue_plaster_weathered_disp_2k.jpg 1118994
DOWNLOADED blue_plaster_weathered_rough_2k.jpg 1083651
DOWNLOADED brown_brick_02_nor_gl_2k.jpg 1179536
DOWNLOADED brown_brick_02_diff_2k.jpg 1571943
DOWNLOADED LICENSE.md 945
DOWNLOADED README.md 20383
DOWNLOADED brown_brick_02_rough_2k.jpg 909444
DOWNLOADED brown_brick_02_disp_2k.jpg 734740
DOWNLOADED CarConcept.glb 10267996
DOWNLOADED venice_sunset.hdr 5723224
ASSETS_COMPLETE 103
