Traceback (most recent call last):
  File "inspect_assets.py", line 17, in <module>
    bpy.ops.import_scene.gltf(filepath=str(root/'CarConcept/CarConcept.glb'))
    ~~~~~~~~~~~~~~~~~~~~~~~~~^^^^^^^^^^^^^^^^^^^^^^^^^^^^^^^^^^^^^^^^^^^^^^^^
RuntimeError: Error: Extension KHR_texture_basisu is not available on this addon version

LIBRARY fire_hydrant COLLECTIONS ['fire_hydrant']
MESH fire_hydrant_chain_aged vertices 7261 bounds [-0.13079358637332916, -0.1688200682401657, 0.195121169090271] [0.12316282838582993, -0.04612365737557411, 0.5796802639961243]
MESH fire_hydrant_chain vertices 7261 bounds [-0.13079358637332916, -0.1688200682401657, 0.195121169090271] [0.12316282838582993, -0.04612365737557411, 0.5796802639961243]
MESH fire_hydrant_cap_03_aged vertices 912 bounds [-0.14176887273788452, -0.11020832508802414, 0.5081241726875305] [-0.07492709159851074, -0.015759196132421494, 0.6084429621696472]
MESH fire_hydrant_cap_03 vertices 912 bounds [-0.14176887273788452, -0.11020832508802414, 0.5081241726875305] [-0.07492709159851074, -0.015759196132421494, 0.6084429621696472]
MESH fire_hydrant_cap_02_aged vertices 912 bounds [0.07580488920211792, -0.09460797160863876, 0.5226336717605591] [0.1328546702861786, -0.022913480177521706, 0.5974385738372803]
MESH fire_hydrant_cap_02 vertices 912 bounds [0.07580488920211792, -0.09460797160863876, 0.5226336717605591] [0.1328546702861786, -0.022913480177521706, 0.5974385738372803]
MESH fire_hydrant_cap_01_aged vertices 1104 bounds [-0.12573182582855225, -0.1912069022655487, 0.30560681223869324] [0.12565623223781586, -0.106272853910923, 0.5548654198646545]
MESH fire_hydrant_cap_01 vertices 1104 bounds [-0.12573182582855225, -0.1912069022655487, 0.30560681223869324] [0.12565623223781586, -0.106272853910923, 0.5548654198646545]
MESH fire_hydrant_aged vertices 11452 bounds [-0.12785103917121887, -0.15721319615840912, -8.87151836650446e-05] [0.12630069255828857, 0.12653666734695435, 0.7993673086166382]
MESH fire_hydrant vertices 11452 bounds [-0.12785103917121887, -0.15721319615840912, -8.87151836650446e-05] [0.12630069255828857, 0.12653666734695435, 0.7993673086166382]
LIBRARY water_manhole_cover COLLECTIONS ['water_manhole_cover']
MESH water_manhole_cover_frame vertices 352 bounds [-0.3453802466392517, -0.3453802466392517, -0.028761375695466995] [0.3453802466392517, 0.3453802466392517, 0.03877965733408928]
MESH water_manhole_cover vertices 2909 bounds [-0.3047727644443512, -0.2999168932437897, 0.014296040870249271] [0.3047727644443512, 0.2999168932437897, 0.038856424391269684]
LIBRARY potted_plant_02 COLLECTIONS ['potted_plant_02']
MESH potted_plant_02_pot vertices 2594 bounds [-0.23707397282123566, -0.23707397282123566, 5.296462768455967e-05] [0.23707397282123566, 0.23707395792007446, 0.3361949026584625]
MESH potted_plant_02_leaves vertices 6191 bounds [-0.3937562108039856, -0.22222481667995453, -0.09663186967372894] [0.30740082263946533, 0.4209985136985779, 0.535942018032074]
MESH potted_plant_02_dirt vertices 27932 bounds [-0.07898939400911331, -0.33649539947509766, -0.020643368363380432] [0.3351912200450897, 0.0743584930896759, 0.02323356457054615]
LIBRARY outdoor_table_chair_set_01 COLLECTIONS ['outdoor_table_chair_set_01']
MESH outdoor_table_chair_set_01_table vertices 1304 bounds [-0.4255073368549347, -0.41698747873306274, -3.356562316980671e-08] [0.2661757171154022, 0.2748631536960602, 0.7259218692779541]
MESH outdoor_table_chair_set_01_chair_02 vertices 2052 bounds [-0.23045846819877625, 0.17118015885353088, -0.005937529727816582] [0.36703503131866455, 0.8422229290008545, 0.8526440858840942]
MESH outdoor_table_chair_set_01_chair_01 vertices 2052 bounds [-0.34507811069488525, -0.8640562891960144, -0.005937529727816582] [0.12660439312458038, -0.2645845413208008, 0.8526440858840942]
LIBRARY exterior_aircon_unit COLLECTIONS ['exterior_aircon_unit']
MESH exterior_aircon_unit_rusted vertices 5395 bounds [-0.392697811126709, -0.15819303691387177, -0.32006561756134033] [0.4072735011577606, 0.21596616506576538, 0.6078314781188965]
MESH exterior_aircon_unit vertices 5395 bounds [-0.392697811126709, -0.15819303691387177, -0.32006561756134033] [0.4072735011577606, 0.21596616506576538, 0.6078314781188965]
LIBRARY street_lamp_01 COLLECTIONS ['street_lamp_01']
MESH street_lamp_01 vertices 15629 bounds [-0.35216811299324036, -0.19324658811092377, 0.0] [0.35216811299324036, 0.19324657320976257, 3.8705554008483887]
LIBRARY island_tree_01 COLLECTIONS ['island_tree_01_LOD1', 'island_tree_01_LOD0', 'island_tree_01_leaves_LOD1', 'island_tree_01_leaves_LOD0', 'island_tree_01_geometry_nodes', 'island_tree_01_geometry', 'island_tree_01_branches_LOD1', 'island_tree_01_branches_LOD0', 'island_tree_01']
MESH island_tree_01_LOD1 vertices 547612 bounds [-2.344745397567749, -2.234727382659912, -0.020327899605035782] [2.410998582839966, 2.5837793350219727, 5.007004737854004]
MESH island_tree_01_LOD0 vertices 1218741 bounds [-2.3444457054138184, -2.2341415882110596, -0.020327899605035782] [2.4107038974761963, 2.583538055419922, 5.0071187019348145]
MESH island_tree_01_leaves_c_LOD1 vertices 1002 bounds [-0.0782419741153717, -0.0011463022092357278, -0.06923652440309525] [0.1412481963634491, 0.2578340470790863, 0.08958154916763306]
MESH island_tree_01_leaves_c_LOD0 vertices 2295 bounds [-0.0785030722618103, -0.0012010718928650022, -0.0691065788269043] [0.14121529459953308, 0.2582162320613861, 0.08967003226280212]
MESH island_tree_01_leaves_b_LOD1 vertices 516 bounds [-0.07492823898792267, -0.00045116222463548183, -0.061518505215644836] [0.09132209420204163, 0.22398845851421356, 0.10763687640428543]
MESH island_tree_01_leaves_b_LOD0 vertices 1191 bounds [-0.07485117018222809, -0.0004565146809909493, -0.06141573190689087] [0.09108846634626389, 0.22384348511695862, 0.10737400501966476]
MESH island_tree_01_leaves_a_LOD1 vertices 434 bounds [-0.07282914221286774, -0.002746538259088993, -0.06382561475038528] [0.06261098384857178, 0.1896309107542038, 0.017493728548288345]
MESH island_tree_01_leaves_a_LOD0 vertices 985 bounds [-0.07268216460943222, -0.002625438617542386, -0.0636938288807869] [0.06259285658597946, 0.1896309107542038, 0.01769261062145233]
MESH island_tree_01_geometry_nodes vertices 17444 bounds [-1.4278439283370972, -1.2547868490219116, -0.020327899605035782] [1.7236499786376953, 1.7317125797271729, 3.5607376098632812]
MESH island_tree_01_branches_d_LOD1 vertices 163 bounds [-0.1173160970211029, -0.09972446411848068, -0.0019424144411459565] [0.1411498337984085, 0.21919965744018555, 0.36360102891921997]
MESH island_tree_01_branches_d_LOD0 vertices 462 bounds [-0.11738608032464981, -0.10091276466846466, -0.00194802216719836] [0.14122804999351501, 0.219762921333313, 0.36353442072868347]
MESH island_tree_01_branches_c_LOD1 vertices 168 bounds [-0.15934422612190247, -0.06564581394195557, -0.002195765031501651] [0.12460490316152573, 0.10304813832044601, 0.3598898947238922]
MESH island_tree_01_branches_c_LOD0 vertices 477 bounds [-0.1594052016735077, -0.06615421921014786, -0.0023263089824467897] [0.12504823505878448, 0.10320887714624405, 0.3600413203239441]
MESH island_tree_01_branches_b_LOD1 vertices 88 bounds [-0.07605473697185516, -0.05430576205253601, -0.0021028886549174786] [0.06569758802652359, 0.14483889937400818, 0.29976171255111694]
MESH island_tree_01_branches_b_LOD0 vertices 246 bounds [-0.08353634923696518, -0.0544438436627388, -0.0021028886549174786] [0.06568654626607895, 0.14828220009803772, 0.3012103736400604]
MESH island_tree_01_branches_a_LOD1 vertices 108 bounds [-0.13512581586837769, -0.01707557961344719, -0.0003773199568968266] [0.10668545216321945, 0.09575927257537842, 0.40990641713142395]
MESH island_tree_01_branches_a_LOD0 vertices 308 bounds [-0.13426077365875244, -0.017329005524516106, -0.0003773199568968266] [0.10660319775342941, 0.09585757553577423, 0.4126223921775818]
LIBRARY painted_wooden_bench COLLECTIONS ['painted_wooden_bench']
MESH painted_wooden_bench vertices 315 bounds [-0.5760610699653625, -0.24284429848194122, -0.0004994967021048069] [0.5888825058937073, 0.25369879603385925, 0.8887919783592224]
Error: Extension KHR_texture_basisu is not available on this addon version
Blender 5.1.2 (hash ec6e62d40fa9 built 2026-05-19 01:30:33)

Blender quit
