11:34:00 | INFO: Data are loaded, start creating Blender stuff
11:34:00 | INFO: Blender create Mesh node BodyUnderside
11:34:00 | INFO: Blender create Mesh node BodyWindshield
11:34:00 | INFO: Blender create Mesh node BodyWindshieldGasket
11:34:00 | INFO: Blender create Mesh node BodyWindshieldWipers
11:34:00 | INFO: Blender create Mesh node BodyWindshieldWipersBase
11:34:00 | INFO: Blender create Mesh node Engine
11:34:00 | INFO: Blender create Mesh node InteriorCage
11:34:00 | INFO: Blender create Mesh node InteriorDashMid
11:34:00 | INFO: Blender create Mesh node InteriorDashSides
11:34:00 | INFO: Blender create Mesh node InteriorFloor
11:34:00 | INFO: Blender create Mesh node InteriorFloormats
11:34:00 | INFO: Blender create Mesh node 85
11:34:00 | INFO: Blender create Mesh node InteriorPedalAccel
11:34:00 | INFO: Blender create Mesh node InteriorPedalAccelArm
11:34:00 | INFO: Blender create Mesh node InteriorPedalBrake
11:34:00 | INFO: Blender create Mesh node InteriorPedalBrakeArm
11:34:00 | INFO: Blender create Mesh node InteriorPillar
11:34:00 | INFO: Blender create Mesh node InteriorSeatsColor1
11:34:00 | INFO: Blender create Mesh node InteriorSeatsColor2
11:34:00 | INFO: Blender create Mesh node InteriorSeatsFrame1
11:34:00 | INFO: Blender create Mesh node InteriorSeatsFrame2
11:34:00 | INFO: Blender create Mesh node InteriorSteeringBase
11:34:00 | INFO: Blender create Mesh node InteriorSteeringCylinder
11:34:00 | INFO: Blender create Mesh node InteriorSteeringEmblem
11:34:00 | INFO: Blender create Mesh node InteriorSteeringWheel04
11:34:00 | INFO: Blender create Mesh node InteriorSteeringWheel01
11:34:00 | INFO: Blender create Mesh node InteriorSteeringWheel02
11:34:00 | INFO: Blender create Mesh node InteriorSteeringWheel03
11:34:00 | INFO: Blender create Mesh node InteriorSteeringDash
11:34:00 | INFO: Blender create Mesh node InteriorSteeringDashColumn
11:34:00 | INFO: Blender create Mesh node InteriorSteeringHandleL
11:34:00 | INFO: Blender create Mesh node InteriorSteeringHandleR
11:34:00 | INFO: Blender create Mesh node License Plate
11:34:00 | INFO: Blender create Mesh node BodyRoofPanel
11:34:00 | INFO: Blender create Mesh node BodyRearPanelsColor1
11:34:00 | INFO: Blender create Mesh node InteriorRearHatch
11:34:00 | INFO: Blender create Mesh node 86
11:34:00 | INFO: Blender create Mesh node BodyWindowsRearSides
11:34:00 | INFO: Blender create Mesh node BodyTurnsignalsRear
11:34:00 | INFO: Blender create Mesh node BodyTaillightsPanels
11:34:00 | INFO: Blender create Mesh node BodyTaillights
11:34:00 | INFO: Blender create Mesh node BodyRearwindow
11:34:00 | INFO: Blender create Mesh node BodyPillars
11:34:00 | INFO: Blender create Mesh node BodyPanelsColor2
11:34:00 | INFO: Blender create Mesh node BodyHood
11:34:00 | INFO: Blender create Mesh node BodyHoodInterior01
11:34:00 | INFO: Blender create Mesh node BodyHoodInterior02
11:34:00 | INFO: Blender create Mesh node BodyHoodTopgrill
11:34:00 | INFO: Blender create Mesh node BodyHoodUnder
11:34:00 | INFO: Blender create Mesh node BodyHeadlights
11:34:00 | INFO: Blender create Mesh node BodyDoorRColor1
11:34:00 | INFO: Blender create Mesh node BodyDoorRColor2
11:34:00 | INFO: Blender create Mesh node BodyDoorRHandle01
11:34:00 | INFO: Blender create Mesh node BodyDoorRHandle02
11:34:00 | INFO: Blender create Mesh node BodyDoorRMirror
11:34:00 | INFO: Blender create Mesh node BodyDoorRMirrorColor1
11:34:00 | INFO: Blender create Mesh node BodyDoorRMirrorColor2
11:34:00 | INFO: Blender create Mesh node BodyDoorRWindow
11:34:00 | INFO: Blender create Mesh node BodyDoorRWindowGasket
11:34:00 | INFO: Blender create Mesh node 87
11:34:00 | INFO: Blender create Mesh node InteriorDoorR02
11:34:00 | INFO: Blender create Mesh node InteriorDoorR03
11:34:00 | INFO: Blender create Mesh node InteriorDoorR04
11:34:00 | INFO: Blender create Mesh node InteriorDoorR05
11:34:00 | INFO: Blender create Mesh node InteriorDoorR06
11:34:00 | INFO: Blender create Mesh node BodyDoorLColor1
11:34:00 | INFO: Blender create Mesh node InteriorDoorL04
11:34:00 | INFO: Blender create Mesh node 88
11:34:00 | INFO: Blender create Mesh node InteriorDoorL02
11:34:00 | INFO: Blender create Mesh node InteriorDoorL03
11:34:00 | INFO: Blender create Mesh node InteriorDoorL05
11:34:00 | INFO: Blender create Mesh node InteriorDoorL06
11:34:00 | INFO: Blender create Mesh node BodyDoorLColor2
11:34:00 | INFO: Blender create Mesh node BodyDoorLHandle01
11:34:00 | INFO: Blender create Mesh node BodyDoorLHandle02
11:34:00 | INFO: Blender create Mesh node BodyDoorLMirror
11:34:00 | INFO: Blender create Mesh node BodyDoorLMirrorColor1
11:34:00 | INFO: Blender create Mesh node BodyDoorLWindowGasket
11:34:00 | INFO: Blender create Mesh node BodyDoorLWindow
11:34:00 | INFO: Blender create Mesh node BodyDoorLMirrorColor2
11:34:00 | INFO: Blender create Mesh node 90
11:34:00 | INFO: Blender create Mesh node WheelFrontLBrakePad
11:34:00 | INFO: Blender create Mesh node WheelFrontLBrakeDisc
11:34:00 | INFO: Blender create Mesh node 89
11:34:00 | INFO: Blender create Mesh node 92
11:34:00 | INFO: Blender create Mesh node WheelFrontRBrakePad
11:34:00 | INFO: Blender create Mesh node WheelFrontRBrakeDisc
11:34:00 | INFO: Blender create Mesh node 91
11:34:00 | INFO: Blender create Mesh node WheelRearLBrakeDisc
11:34:00 | INFO: Blender create Mesh node WheelRearLBrakePad
11:34:00 | INFO: Blender create Mesh node 94
11:34:00 | INFO: Blender create Mesh node 93
11:34:00 | INFO: Blender create Mesh node WheelRearRBrakeDisc
11:34:00 | INFO: Blender create Mesh node WheelRearRBrakePad
11:34:00 | INFO: Blender create Mesh node 96
11:34:00 | INFO: Blender create Mesh node 95
11:34:00 | INFO: Blender create Mesh node Axles
11:34:00 | INFO: glTF import finished in 0.37s
CAR_PARTS [('BodyUnderside', (2.19, 0.74, 4.28)), ('BodyWindshield', (1.75, 0.31, 1.61)), ('BodyWindshieldGasket', (1.76, 0.36, 1.64)), ('BodyWindshieldWipers', (1.28, 0.08, 0.12)), ('BodyWindshieldWipersBase', (0.27, 0.06, 0.46)), ('Engine', (1.2, 0.61, 0.72)), ('InteriorCage', (1.9, 0.31, 1.95)), ('InteriorDashMid', (1.45, 0.72, 0.53)), ('InteriorDashSides', (2.05, 0.74, 0.83)), ('InteriorFloor', (2.19, 0.75, 4.28)), ('InteriorFloormats', (1.56, 0.03, 2.56)), ('InteriorMid', (2.21, 0.78, 2.29)), ('InteriorPedalAccel', (0.06, 0.18, 0.12)), ('InteriorPedalAccelArm', (0.04, 0.22, 0.12)), ('InteriorPedalBrake', (0.16, 0.08, 0.09)), ('InteriorPedalBrakeArm', (0.05, 0.23, 0.14)), ('InteriorPillar', (1.33, 1.0, 2.19)), ('InteriorSeatsColor1', (1.58, 0.96, 2.43)), ('InteriorSeatsColor2', (1.51, 0.84, 2.43)), ('InteriorSeatsFrame1', (1.57, 0.96, 2.49))]
Blender 5.1.2 (hash ec6e62d40fa9 built 2026-05-19 01:30:33)

Blender quit
