00:00.360  blend            | Read blend: "coastal-city.blend"
build_world.py:17: DeprecationWarning: 'Material.use_nodes' is expected to be removed in Blender 6.0
ASSET_LOADED outdoor_table_chair_set_01 (0.7760046124458313, 1.8310472965240479, 0.8585816025733948)
ASSET_LOADED potted_plant_02 (0.7011570334434509, 0.6573866009712219, 0.8411787152290344)
ASSET_LOADED painted_wooden_bench (1.1649435758590698, 0.49654310941696167, 0.8892914652824402)
ASSET_LOADED fire_hydrant (0.2746235430240631, 0.31774356961250305, 0.799456000328064)
ASSET_LOADED water_manhole_cover (0.6907604932785034, 0.6907604932785034, 0.06761780381202698)
ASSET_LOADED street_lamp_01 (0.7043362259864807, 0.38649314641952515, 3.8705554008483887)
ASSET_LOADED exterior_aircon_unit (0.799971342086792, 0.37415921688079834, 0.9278970956802368)
ASSET_LOADED island_tree_01 (4.755743980407715, 4.818506717681885, 5.027332782745361)
11:39:04 | INFO: Data are loaded, start creating Blender stuff
11:39:04 | INFO: Blender create Mesh node BodyUnderside
11:39:04 | INFO: Blender create Mesh node BodyWindshield
11:39:04 | INFO: Blender create Mesh node BodyWindshieldGasket
11:39:04 | INFO: Blender create Mesh node BodyWindshieldWipers
11:39:04 | INFO: Blender create Mesh node BodyWindshieldWipersBase
11:39:04 | INFO: Blender create Mesh node Engine
11:39:04 | INFO: Blender create Mesh node InteriorCage
11:39:04 | INFO: Blender create Mesh node InteriorDashMid
11:39:04 | INFO: Blender create Mesh node InteriorDashSides
11:39:04 | INFO: Blender create Mesh node InteriorFloor
11:39:04 | INFO: Blender create Mesh node InteriorFloormats
11:39:04 | INFO: Blender create Mesh node 85
11:39:04 | INFO: Blender create Mesh node InteriorPedalAccel
11:39:04 | INFO: Blender create Mesh node InteriorPedalAccelArm
11:39:04 | INFO: Blender create Mesh node InteriorPedalBrake
11:39:04 | INFO: Blender create Mesh node InteriorPedalBrakeArm
11:39:04 | INFO: Blender create Mesh node InteriorPillar
11:39:04 | INFO: Blender create Mesh node InteriorSeatsColor1
11:39:04 | INFO: Blender create Mesh node InteriorSeatsColor2
11:39:04 | INFO: Blender create Mesh node InteriorSeatsFrame1
11:39:04 | INFO: Blender create Mesh node InteriorSeatsFrame2
11:39:04 | INFO: Blender create Mesh node InteriorSteeringBase
11:39:04 | INFO: Blender create Mesh node InteriorSteeringCylinder
11:39:04 | INFO: Blender create Mesh node InteriorSteeringEmblem
11:39:04 | INFO: Blender create Mesh node InteriorSteeringWheel04
11:39:04 | INFO: Blender create Mesh node InteriorSteeringWheel01
11:39:04 | INFO: Blender create Mesh node InteriorSteeringWheel02
11:39:04 | INFO: Blender create Mesh node InteriorSteeringWheel03
11:39:04 | INFO: Blender create Mesh node InteriorSteeringDash
11:39:04 | INFO: Blender create Mesh node InteriorSteeringDashColumn
11:39:04 | INFO: Blender create Mesh node InteriorSteeringHandleL
11:39:04 | INFO: Blender create Mesh node InteriorSteeringHandleR
11:39:04 | INFO: Blender create Mesh node License Plate
11:39:04 | INFO: Blender create Mesh node BodyRoofPanel
11:39:04 | INFO: Blender create Mesh node BodyRearPanelsColor1
11:39:04 | INFO: Blender create Mesh node InteriorRearHatch
11:39:04 | INFO: Blender create Mesh node 86
11:39:04 | INFO: Blender create Mesh node BodyWindowsRearSides
11:39:04 | INFO: Blender create Mesh node BodyTurnsignalsRear
11:39:04 | INFO: Blender create Mesh node BodyTaillightsPanels
11:39:04 | INFO: Blender create Mesh node BodyTaillights
11:39:04 | INFO: Blender create Mesh node BodyRearwindow
11:39:04 | INFO: Blender create Mesh node BodyPillars
11:39:04 | INFO: Blender create Mesh node BodyPanelsColor2
11:39:04 | INFO: Blender create Mesh node BodyHood
11:39:04 | INFO: Blender create Mesh node BodyHoodInterior01
11:39:04 | INFO: Blender create Mesh node BodyHoodInterior02
11:39:04 | INFO: Blender create Mesh node BodyHoodTopgrill
11:39:04 | INFO: Blender create Mesh node BodyHoodUnder
11:39:04 | INFO: Blender create Mesh node BodyHeadlights
11:39:04 | INFO: Blender create Mesh node BodyDoorRColor1
11:39:04 | INFO: Blender create Mesh node BodyDoorRColor2
11:39:04 | INFO: Blender create Mesh node BodyDoorRHandle01
11:39:05 | INFO: Blender create Mesh node BodyDoorRHandle02
11:39:05 | INFO: Blender create Mesh node BodyDoorRMirror
11:39:05 | INFO: Blender create Mesh node BodyDoorRMirrorColor1
11:39:05 | INFO: Blender create Mesh node BodyDoorRMirrorColor2
11:39:05 | INFO: Blender create Mesh node BodyDoorRWindow
11:39:05 | INFO: Blender create Mesh node BodyDoorRWindowGasket
11:39:05 | INFO: Blender create Mesh node 87
11:39:05 | INFO: Blender create Mesh node InteriorDoorR02
11:39:05 | INFO: Blender create Mesh node InteriorDoorR03
11:39:05 | INFO: Blender create Mesh node InteriorDoorR04
11:39:05 | INFO: Blender create Mesh node InteriorDoorR05
11:39:05 | INFO: Blender create Mesh node InteriorDoorR06
11:39:05 | INFO: Blender create Mesh node BodyDoorLColor1
11:39:05 | INFO: Blender create Mesh node InteriorDoorL04
11:39:05 | INFO: Blender create Mesh node 88
11:39:05 | INFO: Blender create Mesh node InteriorDoorL02
11:39:05 | INFO: Blender create Mesh node InteriorDoorL03
11:39:05 | INFO: Blender create Mesh node InteriorDoorL05
11:39:05 | INFO: Blender create Mesh node InteriorDoorL06
11:39:05 | INFO: Blender create Mesh node BodyDoorLColor2
11:39:05 | INFO: Blender create Mesh node BodyDoorLHandle01
11:39:05 | INFO: Blender create Mesh node BodyDoorLHandle02
11:39:05 | INFO: Blender create Mesh node BodyDoorLMirror
11:39:05 | INFO: Blender create Mesh node BodyDoorLMirrorColor1
11:39:05 | INFO: Blender create Mesh node BodyDoorLWindowGasket
11:39:05 | INFO: Blender create Mesh node BodyDoorLWindow
11:39:05 | INFO: Blender create Mesh node BodyDoorLMirrorColor2
11:39:05 | INFO: Blender create Mesh node 90
11:39:05 | INFO: Blender create Mesh node WheelFrontLBrakePad
11:39:05 | INFO: Blender create Mesh node WheelFrontLBrakeDisc
11:39:05 | INFO: Blender create Mesh node 89
11:39:05 | INFO: Blender create Mesh node 92
11:39:05 | INFO: Blender create Mesh node WheelFrontRBrakePad
11:39:05 | INFO: Blender create Mesh node WheelFrontRBrakeDisc
11:39:05 | INFO: Blender create Mesh node 91
11:39:05 | INFO: Blender create Mesh node WheelRearLBrakeDisc
11:39:05 | INFO: Blender create Mesh node WheelRearLBrakePad
11:39:05 | INFO: Blender create Mesh node 94
11:39:05 | INFO: Blender create Mesh node 93
11:39:05 | INFO: Blender create Mesh node WheelRearRBrakeDisc
11:39:05 | INFO: Blender create Mesh node WheelRearRBrakePad
11:39:05 | INFO: Blender create Mesh node 96
11:39:05 | INFO: Blender create Mesh node 95
11:39:05 | INFO: Blender create Mesh node Axles
11:39:05 | INFO: glTF import finished in 1.14s
CAR_BOUNDS (2.7283554077148438, 4.357386589050293, 1.307953953742981)
Info: Packed 84 file(s)
Info: Saved as "coastal-city-detailed.blend"
SHOWCASE_SAVED 13099
01:12.782  render           | Saved: 'showcase-hero.png'
02:13.064  render           | Saved: 'showcase-closeup.png'
SHOWCASE_COMPLETE
Blender 5.1.2 (hash ec6e62d40fa9 built 2026-05-19 01:30:33)

Blender quit
